>>> add_integer = __import__("0-add_integer").add_integer
>>> add_integer(1, 2)
3
>>> add_integer(1, -2)
-1
>>> add_integer(1.4 , 2)
3
>>> add_integer(1, "2")
Traceback (most recent call last):
TypeError: b must be an integer
>>> add_integer(1e308234343, 1e334345408)
Traceback (most recent call last):
OverflowError: cannot convert float infinity to integer
>>> add_integer(float('nan'), 2)
Traceback (most recent call last):
ValueError: cannot convert float NaN to integer
>>> add_integer(1)
99
>>> add_integer()
Traceback (most recent call last):
TypeError: add_integer() missing 1 required positional argument: 'a'
