>>> add_integer = __import__("0-add_integer").add_integer
>>> add_integer(1, 2)
3
>>> add_integer(1, -2)
-1
>>> add_integer(1.4, 2)
3
>>> add_integer(1, "2")
Traceback (most recent call last):
TypeError: b must be an integer
>>> add_integer()
Traceback (most recent call last):
TypeError: add_integer() missing 1 required positional argument: 'a'
>>> add_integer(s, 1)
Traceback (most recent call last):
NameError: name 's' is not defined
>>> add_integer(.3)
98
>>> add_integer(-100.3)
-2
>>> add_integer(1e123456789876543, 1e123456789876543)
Traceback (most recent call last):
OverflowError: cannot convert float infinity to integer
>>> add_integer(float('NaN'), 1)
Traceback (most recent call last):
ValueError: name 'NaN' is not defined